src/components/TaskModal.tsx(4,31): error TS2307: Cannot find module '../store/toastStore' or its corresponding type declarations.
src/components/TaskModal.tsx(31,35): error TS7006: Parameter 's' implicitly has an 'any' type.
